// Jest Snapshot v1, https://goo.gl/fbAQLP

exports[`LocFile dir info 1`] = `
Object {
  "code": 310,
  "comment": 68,
  "total": 445,
}
`;

exports[`LocFile dir info 2`] = `
Object {
  "javascript": Object {
    "code": 70,
    "comment": 6,
    "sum": 1,
    "total": 83,
  },
  "markdown": Object {
    "code": 83,
    "comment": 11,
    "sum": 1,
    "total": 126,
  },
  "typescript": Object {
    "code": 157,
    "comment": 51,
    "sum": 2,
    "total": 236,
  },
}
`;

exports[`LocFile dir info 3`] = `
Object {
  "code": 5223,
  "comment": 231,
  "total": 5950,
}
`;

exports[`LocFile dir info 4`] = `
Object {
  "": Object {
    "code": 0,
    "comment": 0,
    "sum": 6,
    "total": 0,
  },
  "ejs": Object {
    "code": 199,
    "comment": 0,
    "sum": 1,
    "total": 215,
  },
  "javascript": Object {
    "code": 45,
    "comment": 28,
    "sum": 2,
    "total": 81,
  },
  "json": Object {
    "code": 54,
    "comment": 4,
    "sum": 3,
    "total": 61,
  },
  "less": Object {
    "code": 489,
    "comment": 2,
    "sum": 12,
    "total": 558,
  },
  "markdown": Object {
    "code": 36,
    "comment": 0,
    "sum": 1,
    "total": 58,
  },
  "svg": Object {
    "code": 2,
    "comment": 0,
    "sum": 2,
    "total": 2,
  },
  "typescript": Object {
    "code": 4398,
    "comment": 197,
    "sum": 85,
    "total": 4975,
  },
}
`;
